[]
["foo"]
foo
["foo","bar"]
bar
bar
["foo"]
foo
[]
