[]; size 0
[0]; size 1
[0,1]; size 2
[0,1,2]; size 3
[0,1,2,3]; size 4
[0,1,2,3,4]; size 5
[0,1,2,3,4,0,0,0,0,0]; size 10
[0,1,2,3,4,0,0,0,0,0,0]; size 11
[0,1,2,3,4,0,0,0,0,0,0,1]; size 12
[0,1,2,3,4,0,0,0,0,0,0,1,2]; size 13
[0,1,2,3,4,0,0,0,0,0,0,1,2,3]; size 14
[0,1,2,3,4,0,0,0,0,0,0,1,2,3,4]; size 15
[4,1,2,3,4,0,0,0,0,0,0,1,2,3,0]; size 15
[4,3,2,3,4,0,0,0,0,0,0,1,2,1,0]; size 15
[4,3,2,3,4,0,0,0,0,0,0,1,2,1,0]; size 15
[4,3,2,1,4,0,0,0,0,0,0,3,2,1,0]; size 15
[4,3,2,1,0,0,0,0,0,0,4,3,2,1,0]; size 15
[4,3,2,1,0,0,0,0,0,0,4,3,2,1,0]; size 15
[4,3,2,1,0,0,0,0,0,0,4,3,2,1,0]; size 15
[4,3,2,1,0,0,0,0,0,0,4,3,2,1,0]; size 15
[4,3,2,1,0,0,0,0,0,0,4,3,2,1,0]; size 15
[4,3,2,1,0,0,0,0,0,0,4,3,2,1,0]; size 15
[4,3,2,1,4,0,0,0,0,0,0,3,2,1,0]; size 15
[4,3,2,3,4,0,0,0,0,0,0,1,2,1,0]; size 15
[4,3,2,3,4,0,0,0,0,0,0,1,2,1,0]; size 15
[4,1,2,3,4,0,0,0,0,0,0,1,2,3,0]; size 15
[0,1,2,3,4,0,0,0,0,0,0,1,2,3,4]; size 15
4
[0,1,2,3,4,0,0,0,0,0,0,1,2,3]; size 14
3
[0,1,2,3,4,0,0,0,0,0,0,1,2]; size 13
2
[0,1,2,3,4,0,0,0,0,0,0,1]; size 12
1
[0,1,2,3,4,0,0,0,0,0,0]; size 11
0
[0,1,2,3,4,0,0,0,0,0]; size 10
[0,1,2,3,4]; size 5
4
[0,1,2,3]; size 4
3
[0,1,2]; size 3
2
[0,1]; size 2
1
[0]; size 1
0
[]; size 0
