Size: 4 - Data: <Opaque>
Size: 4 - Data: <Opaque>
Size: 0 - Data: <Opaque>
Size: 0 - Data: <Opaque>
