a.size = 14
a[0] = 4
a[1] = 7
a[2] = 10
a[3] = 13
a[4] = 16
a[5] = 19
a[6] = 22
a[7] = 25
a[8] = 28
a[9] = 31
a[10] = 34
a[11] = 37
a[12] = 40
a[13] = 43
