[106,114,122,134,150,185,211,243,256,257,289,366,404,454,468,504,530,544,564,601,626,667,762,784,818,948,976,993,994,999]
