returnFalse called
returnFalse called
false
returnFalse called
false
returnFalse called
returnTrue called
true
returnFalse called
false
returnTrue called
true
returnTrue called
returnFalse called
false
returnTrue called
true
returnTrue called
returnTrue called
true
