'' (length 0)
'7' (length 1)
'14' (length 2)
'142' (length 3)
'1429' (length 4)
'1429goo' (length 7)
'1429goofoo' (length 10)
