Found 8 or 1
Something else
Found 3; will drop through to something else
Something else
Found 4; will drop through to 9
Found 9
Something else
Something else
Found 7
Found 8 or 1
Found 9
Something else
